
> autorechnung@0.1.0 build
> next build

   Ôû▓ Next.js 14.1.0
   - Environments: .env.local

   Creating an optimized production build ...
 Ô£ô Compiled successfully
   Linting and checking validity of types ...
   Collecting page data ...
   Generating static pages (0/20) ...

   Generating static pages (5/20) 

   Generating static pages (10/20) 

   Generating static pages (15/20) 

 Ô£ô Generating static pages (20/20) 
   Finalizing page optimization ...
   Collecting build traces ...

Route (app)                              Size     First Load JS
Ôöî Ôùï /                                    95.4 kB         187 kB
Ôö£ Ôùï /_not-found                          887 B          85.5 kB
Ôö£ ╬╗ /api/analyze                         0 B                0 B
Ôö£ ╬╗ /api/images/[filename]               0 B                0 B
Ôö£ Ôùï /bank                                4.03 kB        95.4 kB
Ôö£ Ôùï /customers                           3.13 kB        94.5 kB
Ôö£ ╬╗ /customers/[id]                      266 B          94.6 kB
Ôö£ Ôùï /customers/new                       251 B          94.6 kB
Ôö£ Ôùï /invoices                            3.51 kB        94.9 kB
Ôö£ ╬╗ /invoices/create                     3.74 kB        88.3 kB
Ôö£ Ôùï /invoices/customers                  138 B          84.7 kB
Ôö£ ╬╗ /invoices/list                       4.11 kB         237 kB
Ôö£ Ôùï /invoices/settings                   2.85 kB        87.4 kB
Ôö£ Ôùï /invoices/subscriptions              2.83 kB        94.2 kB
Ôö£ Ôùï /invoices/subscriptions/new          2.06 kB        93.5 kB
Ôö£ Ôùï /offers                              3.25 kB        94.6 kB
Ôö£ ╬╗ /offers/[id]                         324 B          96.1 kB
Ôö£ Ôùï /offers/new                          310 B            96 kB
Ôö£ Ôùï /reports/euer                        2.17 kB         228 kB
Ôö£ Ôùï /steuer                              3.59 kB          95 kB
Ôö£ ╬╗ /steuer/[id]                         11.1 kB         227 kB
Ôöö Ôùï /steuer/neu                          2.36 kB          87 kB
+ First Load JS shared by all            84.6 kB
  Ôö£ chunks/69-304a799be102b931.js        29 kB
  Ôö£ chunks/fd9d1056-4514957b3e428329.js  53.4 kB
  Ôöö other shared chunks (total)          2.17 kB


ãÆ Middleware                             162 kB

Ôùï  (Static)   prerendered as static content
╬╗  (Dynamic)  server-rendered on demand using Node.js

